Microsoft (R) Macro Assembler Version 9.00.21022.08	    09/02/09 15:34:25
6Win32 Console Example #1                (Console1.asm	     Page 1 - 1


				TITLE Win32 Console Example #1                (Console1.asm)

				INCLUDE lib.inc
			      C TITLE Win32 Console Example #1                (Console1.asm)
			      C 
 = DWORD		      C HANDLE				EQU <DWORD>
 = WriteConsoleA	      C WriteConsole 		EQU <WriteConsoleA>
 =-0000000B		      C STD_OUTPUT_HANDLE	EQU -11
 = INVOKE ExitProcess,0	      C exit				EQU <INVOKE ExitProcess,0>
 = 0dh,0ah		      C endl				EQU <0dh,0ah>
			      C 
			      C GetStdHandle PROTO, nStdHandle:HANDLE
..\lib.inc(9) : error A2119:language type must be specified
			      C 
			      C WriteConsole PROTO,	hConsoleOutput:HANDLE, lpBuffer:PTR BYTE, nNumberOfCharsToWrite:DWORD, lpNumberOfCharsWritten:PTR DWORD, lpReserved:DWORD
..\lib.inc(11) : error A2119:language type must be specified
			      C 
			      C ExitProcess PROTO,	dwExitCode:DWORD
..\lib.inc(13) : error A2119:language type must be specified
			      C 
			      C ConsoleInit PROTO
			      C 
			      C WriteString PROTO msgPtr:PTR BYTE, len:DWORD
..\lib.inc(17) : error A2119:language type must be specified
			      C 
			      C 

				.686P		; Pentium Pro or later
				.MODEL flat, stdcall
				.STACK 4096

 00000000			.data
 00000000			message LABEL BYTE
 00000000  54 68 69 73 20		BYTE "This program is a simple demonstration of "
	   70 72 6F 67 72
	   61 6D 20 69 73
	   20 61 20 73 69
	   6D 70 6C 65 20
	   64 65 6D 6F 6E
	   73 74 72 61 74
	   69 6F 6E 20 6F
	   66 20
 0000002A  63 6F 6E 73 6F		BYTE "console mode output, using the GetStdHandle "
	   6C 65 20 6D 6F
	   64 65 20 6F 75
	   74 70 75 74 2C
	   20 75 73 69 6E
	   67 20 74 68 65
	   20 47 65 74 53
	   74 64 48 61 6E
	   64 6C 65 20
 00000056  61 6E 64 20 57		BYTE "and WriteConsole functions.", endl
	   72 69 74 65 43
	   6F 6E 73 6F 6C
	   65 20 66 75 6E
	   63 74 69 6F 6E
	   73 2E 0D 0A
 00000073 00000073		messageSize DWORD ($-message)

 00000000			.code

 00000000			main PROC
					INVOKE ConsoleInit
..\libTest.asm(19) : error A2006:undefined symbol : ConsoleInit
					INVOKE WriteString, ADDR message, messageSize
..\libTest.asm(20) : error A2006:undefined symbol : WriteString
					exit
..\libTest.asm(21) : error A2006:undefined symbol : ExitProcess
 00000000			main ENDP

				END main
Microsoft (R) Macro Assembler Version 9.00.21022.08	    09/02/09 15:34:25
6Win32 Console Example #1                (Console1.asm	     Symbols 2 - 1




Segments and Groups:

                N a m e                 Size     Length   Align   Combine Class

FLAT . . . . . . . . . . . . . .	GROUP
STACK  . . . . . . . . . . . . .	32 Bit	 00001000 Para	  Stack	  'STACK'	 
_DATA  . . . . . . . . . . . . .	32 Bit	 00000077 Para	  Public  'DATA'	
_TEXT  . . . . . . . . . . . . .	32 Bit	 00000000 Para	  Public  'CODE'	


Procedures, parameters, and locals:

                N a m e                 Type     Value    Attr

main . . . . . . . . . . . . . .	P Near	 00000000 _TEXT	Length= 00000000 Public STDCALL


Symbols:

                N a m e                 Type     Value    Attr

@CodeSize  . . . . . . . . . . .	Number	 00000000h   
@DataSize  . . . . . . . . . . .	Number	 00000000h   
@Interface . . . . . . . . . . .	Number	 00000003h   
@Model . . . . . . . . . . . . .	Number	 00000007h   
@code  . . . . . . . . . . . . .	Text   	 _TEXT
@data  . . . . . . . . . . . . .	Text   	 FLAT
@fardata?  . . . . . . . . . . .	Text   	 FLAT
@fardata . . . . . . . . . . . .	Text   	 FLAT
@stack . . . . . . . . . . . . .	Text   	 FLAT
HANDLE . . . . . . . . . . . . .	Text   	 DWORD
STD_OUTPUT_HANDLE  . . . . . . .	Number	 -0000000Bh   
WriteConsole . . . . . . . . . .	Text   	 WriteConsoleA
endl . . . . . . . . . . . . . .	Text   	 0dh,0ah
exit . . . . . . . . . . . . . .	Text   	 INVOKE ExitProcess,0
messageSize  . . . . . . . . . .	DWord	 00000073 _DATA	
message  . . . . . . . . . . . .	Byte	 00000000 _DATA	

	   0 Warnings
	   7 Errors
